APP START! 
    
System Type: Windows_NT 
Free Memory: 0.43347930908203125 
Hours: 1291.5455683333334 
CPU:  [{"model":"AMD Ryzen 5 4600H with Radeon Graphics         ","speed":2994,"times":{"user":8171265,"nice":0,"sys":8020812,"idle":64933468,"irq":856187}},{"model":"AMD Ryzen 5 4600H with Radeon Graphics         ","speed":2994,"times":{"user":7029640,"nice":0,"sys":5978703,"idle":68117062,"irq":208265}},{"model":"AMD Ryzen 5 4600H with Radeon Graphics         ","speed":2994,"times":{"user":9681890,"nice":0,"sys":7791515,"idle":63651984,"irq":80437}},{"model":"AMD Ryzen 5 4600H with Radeon Graphics         ","speed":2994,"times":{"user":6707546,"nice":0,"sys":4997609,"idle":69420250,"irq":46546}},{"model":"AMD Ryzen 5 4600H with Radeon Graphics         ","speed":2994,"times":{"user":6058046,"nice":0,"sys":4197625,"idle":70869734,"irq":54484}},{"model":"AMD Ryzen 5 4600H with Radeon Graphics         ","speed":2994,"times":{"user":4814171,"nice":0,"sys":3199859,"idle":73111359,"irq":33875}},{"model":"AMD Ryzen 5 4600H with Radeon Graphics         ","speed":2994,"times":{"user":4710078,"nice":0,"sys":2525921,"idle":73889375,"irq":28718}},{"model":"AMD Ryzen 5 4600H with Radeon Graphics         ","speed":2994,"times":{"user":3526109,"nice":0,"sys":1789968,"idle":75809343,"irq":19734}},{"model":"AMD Ryzen 5 4600H with Radeon Graphics         ","speed":2994,"times":{"user":3436640,"nice":0,"sys":1980765,"idle":75707984,"irq":29750}},{"model":"AMD Ryzen 5 4600H with Radeon Graphics         ","speed":2994,"times":{"user":2265578,"nice":0,"sys":1247578,"idle":77612234,"irq":15703}},{"model":"AMD Ryzen 5 4600H with Radeon Graphics         ","speed":2994,"times":{"user":2913968,"nice":0,"sys":1627687,"idle":76583718,"irq":26015}},{"model":"AMD Ryzen 5 4600H with Radeon Graphics         ","speed":2994,"times":{"user":1699687,"nice":0,"sys":1187343,"idle":78238359,"irq":152828}}]
taskCreated: "Learn Node.js modules" | 2026-08-15T12:38:35.866Z | "218e78814e32b5dff04122eeb186dd452c0b11b2638366bfec1ed00e1af5a1bc" 
taskCreated: "Cooking" | 2026-08-15T12:38:35.867Z | "896150c5af1630da5898b307725ec20cf4e0fa7d793cffecf128d259f34baf92" 
taskCreated: "Work" | 2026-08-15T12:38:35.867Z | "8fe4f6d34b6e065bf61522dcc4fae4c39ef945b19b14a7fecc19847c88b0fba5" 
APP START! 
    
System Type: Windows_NT 
Free Memory: 0.6132240295410156 
Hours: 1291.9521352777776 
CPU:  [{"model":"AMD Ryzen 5 4600H with Radeon Graphics         ","speed":2994,"times":{"user":8292984,"nice":0,"sys":8107562,"idle":66188640,"irq":872812}},{"model":"AMD Ryzen 5 4600H with Radeon Graphics         ","speed":2994,"times":{"user":7100984,"nice":0,"sys":6006703,"idle":69481359,"irq":211453}},{"model":"AMD Ryzen 5 4600H with Radeon Graphics         ","speed":2994,"times":{"user":9810843,"nice":0,"sys":7828000,"idle":64950187,"irq":81531}},{"model":"AMD Ryzen 5 4600H with Radeon Graphics         ","speed":2994,"times":{"user":6814109,"nice":0,"sys":5022796,"idle":70752140,"irq":46968}},{"model":"AMD Ryzen 5 4600H with Radeon Graphics         ","speed":2994,"times":{"user":6167015,"nice":0,"sys":4225171,"idle":72196859,"irq":55390}},{"model":"AMD Ryzen 5 4600H with Radeon Graphics         ","speed":2994,"times":{"user":4879562,"nice":0,"sys":3216781,"idle":74492687,"irq":34250}},{"model":"AMD Ryzen 5 4600H with Radeon Graphics         ","speed":2994,"times":{"user":4829640,"nice":0,"sys":2554453,"idle":75204921,"irq":29390}},{"model":"AMD Ryzen 5 4600H with Radeon Graphics         ","speed":2994,"times":{"user":3603796,"nice":0,"sys":1818703,"idle":77166562,"irq":20593}},{"model":"AMD Ryzen 5 4600H with Radeon Graphics         ","speed":2994,"times":{"user":3611921,"nice":0,"sys":2024640,"idle":76952468,"irq":31078}},{"model":"AMD Ryzen 5 4600H with Radeon Graphics         ","speed":2994,"times":{"user":2323140,"nice":0,"sys":1266406,"idle":78999484,"irq":16203}},{"model":"AMD Ryzen 5 4600H with Radeon Graphics         ","speed":2994,"times":{"user":3024328,"nice":0,"sys":1658781,"idle":77905906,"irq":27625}},{"model":"AMD Ryzen 5 4600H with Radeon Graphics         ","speed":2994,"times":{"user":1776921,"nice":0,"sys":1203859,"idle":79608250,"irq":154328}}]
taskCreated: "Learn Node.js modules" | 2026-08-15T13:02:59.510Z | "0d68e2ab61f00be19aecf92282f8a8edb499964963cbc74450b509a35adbe233" 
taskCreated: "Cooking" | 2026-08-15T13:02:59.511Z | "939b0d2eff800428f06ce1ac02ca1fbd970692521ecade396fa534c1a0be8fff" 
taskCreated: "Work" | 2026-08-15T13:02:59.511Z | "371baad0b849df7e913d847a6b92670326d1e25559eb57ddaf9e94b7f3439a74" 
taskCreated: "1234" | 2026-08-15T13:02:59.511Z | "46dcf2e007fd02f3ebbae21c42e0bfd0bbeb6ff46fb77c6b226d559055ca2c1b" 
taskCreated: "54545" | 2026-08-15T13:02:59.512Z | "5a91882dc40a9ad70976bd1a4b18c0f151bdfd8ba42f121f907daab2d0a41230" 
APP START! 
    
System Type: Windows_NT 
Free Memory: 0.7439537048339844 
Hours: 1295.3046222222222 
CPU:  [{"model":"AMD Ryzen 5 4600H with Radeon Graphics         ","speed":2994,"times":{"user":8629375,"nice":0,"sys":8422125,"idle":69803687,"irq":929187}},{"model":"AMD Ryzen 5 4600H with Radeon Graphics         ","speed":2994,"times":{"user":7416578,"nice":0,"sys":6176140,"idle":73262328,"irq":227343}},{"model":"AMD Ryzen 5 4600H with Radeon Graphics         ","speed":2994,"times":{"user":10323687,"nice":0,"sys":8033859,"idle":68497484,"irq":85890}},{"model":"AMD Ryzen 5 4600H with Radeon Graphics         ","speed":2994,"times":{"user":7237609,"nice":0,"sys":5179968,"idle":74437468,"irq":48718}},{"model":"AMD Ryzen 5 4600H with Radeon Graphics         ","speed":2994,"times":{"user":6438953,"nice":0,"sys":4355640,"idle":76060453,"irq":57609}},{"model":"AMD Ryzen 5 4600H with Radeon Graphics         ","speed":2994,"times":{"user":5062078,"nice":0,"sys":3313328,"idle":78479625,"irq":35453}},{"model":"AMD Ryzen 5 4600H with Radeon Graphics         ","speed":2994,"times":{"user":5004453,"nice":0,"sys":2642781,"idle":79207765,"irq":30562}},{"model":"AMD Ryzen 5 4600H with Radeon Graphics         ","speed":2994,"times":{"user":3729921,"nice":0,"sys":1883265,"idle":81241859,"irq":21859}},{"model":"AMD Ryzen 5 4600H with Radeon Graphics         ","speed":2994,"times":{"user":3767015,"nice":0,"sys":2106296,"idle":80981687,"irq":32484}},{"model":"AMD Ryzen 5 4600H with Radeon Graphics         ","speed":2994,"times":{"user":2387453,"nice":0,"sys":1312937,"idle":83154609,"irq":16890}},{"model":"AMD Ryzen 5 4600H with Radeon Graphics         ","speed":2994,"times":{"user":3119609,"nice":0,"sys":1719078,"idle":82016312,"irq":29312}},{"model":"AMD Ryzen 5 4600H with Radeon Graphics         ","speed":2994,"times":{"user":1841890,"nice":0,"sys":1255328,"idle":83757796,"irq":167312}}]
taskCreated: "Learn Node.js modules" | 2026-08-15T16:24:08.464Z | "21d0f2c7aff8a9d6be3a3932cac48f8a5c8295bd910fc30e59f9903b96657536" 
taskCreated: "Cooking" | 2026-08-15T16:24:08.464Z | "7d96d9680eb89dd700fb5447a24898df2035a6e4664feefc7d1be997569eec03" 
taskCreated: "Work" | 2026-08-15T16:24:08.465Z | "06e764bdf08b8082f99c0068d948a94907b44387118e9625f1d6742a0d06b7e8" 
taskCreated: "1234" | 2026-08-15T16:24:08.466Z | "f13263e4e6d8dd9b710bf9e81d9f537db7a4484ea3ed35cc3ac10c3b1c7ea4c9" 
taskCreated: "54545" | 2026-08-15T16:24:08.467Z | "bad8b5868eac0f1cb5916c097ef7bf94aacbe394c212b9e65c71fc7fefea2a8c" 
APP START! 
    
System Type: Windows_NT 
Free Memory: 0.7516937255859375 
Hours: 1295.3158158333333 
CPU:  [{"model":"AMD Ryzen 5 4600H with Radeon Graphics         ","speed":2994,"times":{"user":8633765,"nice":0,"sys":8425890,"idle":69835828,"irq":930109}},{"model":"AMD Ryzen 5 4600H with Radeon Graphics         ","speed":2994,"times":{"user":7419671,"nice":0,"sys":6178218,"idle":73297453,"irq":227500}},{"model":"AMD Ryzen 5 4600H with Radeon Graphics         ","speed":2994,"times":{"user":10328375,"nice":0,"sys":8036187,"idle":68530765,"irq":85906}},{"model":"AMD Ryzen 5 4600H with Radeon Graphics         ","speed":2994,"times":{"user":7241531,"nice":0,"sys":5181687,"idle":74472125,"irq":48750}},{"model":"AMD Ryzen 5 4600H with Radeon Graphics         ","speed":2994,"times":{"user":6442109,"nice":0,"sys":4356984,"idle":76096250,"irq":57625}},{"model":"AMD Ryzen 5 4600H with Radeon Graphics         ","speed":2994,"times":{"user":5064281,"nice":0,"sys":3314078,"idle":78516968,"irq":35453}},{"model":"AMD Ryzen 5 4600H with Radeon Graphics         ","speed":2994,"times":{"user":5005546,"nice":0,"sys":2643140,"idle":79246625,"irq":30562}},{"model":"AMD Ryzen 5 4600H with Radeon Graphics         ","speed":2994,"times":{"user":3730703,"nice":0,"sys":1883562,"idle":81281093,"irq":21859}},{"model":"AMD Ryzen 5 4600H with Radeon Graphics         ","speed":2994,"times":{"user":3767250,"nice":0,"sys":2106343,"idle":81021703,"irq":32484}},{"model":"AMD Ryzen 5 4600H with Radeon Graphics         ","speed":2994,"times":{"user":2387703,"nice":0,"sys":1312953,"idle":83194640,"irq":16890}},{"model":"AMD Ryzen 5 4600H with Radeon Graphics         ","speed":2994,"times":{"user":3119625,"nice":0,"sys":1719125,"idle":82056531,"irq":29328}},{"model":"AMD Ryzen 5 4600H with Radeon Graphics         ","speed":2994,"times":{"user":1841906,"nice":0,"sys":1255375,"idle":83798046,"irq":167359}}]
taskCreated: "Learn Node.js modules" | 2026-08-15T16:24:48.744Z | "049e50d15841e410239c428d5ad363044dd25eaacab3efaab994fb3339d7fd8c" 
taskCreated: "Cooking" | 2026-08-15T16:24:48.745Z | "39d5249a62894740c367abaf69d8f44433636d737edbccc26db67f813c2fae7d" 
taskCreated: "Work" | 2026-08-15T16:24:48.745Z | "9fbce78bb658282030c43e4dcf3419823b5c1bcb555021d50cde09b4265a03ad" 
taskCreated: "1234" | 2026-08-15T16:24:48.746Z | "cbd16dc878b2a3658a1706f5b1a49f9d1660cd5c66d333a83ac28d1456f04313" 
taskCreated: "54545" | 2026-08-15T16:24:48.747Z | "5bcbfc7fa16a6799d98ed89feac4e4fc35bdd074586346149a142e8ff02276f7" 
APP START! 
    
System Type: Windows_NT 
Free Memory: 0.7470932006835938 
Hours: 1295.317703888889 
CPU:  [{"model":"AMD Ryzen 5 4600H with Radeon Graphics         ","speed":2994,"times":{"user":8634718,"nice":0,"sys":8426593,"idle":69840968,"irq":930250}},{"model":"AMD Ryzen 5 4600H with Radeon Graphics         ","speed":2994,"times":{"user":7420484,"nice":0,"sys":6178484,"idle":73303171,"irq":227531}},{"model":"AMD Ryzen 5 4600H with Radeon Graphics         ","speed":2994,"times":{"user":10329750,"nice":0,"sys":8036421,"idle":68535953,"irq":85906}},{"model":"AMD Ryzen 5 4600H with Radeon Graphics         ","speed":2994,"times":{"user":7242062,"nice":0,"sys":5182000,"idle":74478078,"irq":48750}},{"model":"AMD Ryzen 5 4600H with Radeon Graphics         ","speed":2994,"times":{"user":6442718,"nice":0,"sys":4357140,"idle":76102281,"irq":57625}},{"model":"AMD Ryzen 5 4600H with Radeon Graphics         ","speed":2994,"times":{"user":5064750,"nice":0,"sys":3314312,"idle":78523062,"irq":35468}},{"model":"AMD Ryzen 5 4600H with Radeon Graphics         ","speed":2994,"times":{"user":5005906,"nice":0,"sys":2643203,"idle":79253000,"irq":30562}},{"model":"AMD Ryzen 5 4600H with Radeon Graphics         ","speed":2994,"times":{"user":3730812,"nice":0,"sys":1883640,"idle":81287703,"irq":21859}},{"model":"AMD Ryzen 5 4600H with Radeon Graphics         ","speed":2994,"times":{"user":3767406,"nice":0,"sys":2106343,"idle":81028359,"irq":32484}},{"model":"AMD Ryzen 5 4600H with Radeon Graphics         ","speed":2994,"times":{"user":2387734,"nice":0,"sys":1312953,"idle":83201421,"irq":16890}},{"model":"AMD Ryzen 5 4600H with Radeon Graphics         ","speed":2994,"times":{"user":3119625,"nice":0,"sys":1719125,"idle":82063343,"irq":29328}},{"model":"AMD Ryzen 5 4600H with Radeon Graphics         ","speed":2994,"times":{"user":1841906,"nice":0,"sys":1255375,"idle":83804843,"irq":167359}}]
taskCreated: "Learn Node.js modules" | 2026-08-15T16:24:55.547Z | "06f42b3bf7de1c4eabe2c514f26dc025934856d1a2a196433f359ceec2ec716e" 
taskCreated: "Cooking" | 2026-08-15T16:24:55.548Z | "40a4d613574834cd318b11e122a8f299d2f982695b1310cf7455ad16b6c9442d" 
taskCreated: "Work" | 2026-08-15T16:24:55.548Z | "ca62fc8d8c0c1b914be032a39bb7897b397fda96ab39a8162e78e31dea13861d" 
taskCreated: "1234" | 2026-08-15T16:24:55.549Z | "9c8b41280ed1c27ba51885c6d251a674b2e0948d514fd9c2a2db060320d2ee23" 
taskCreated: "54545" | 2026-08-15T16:24:55.549Z | "ac64d020a7e53261da3cfba38556cdf03d8abbaa2e5fa298984c3d2979bac90e" 
